// Jest Snapshot v1, https://goo.gl/fbAQLP

exports[`ToastWarning component UI and function ToastModel renders correctly 1`] = `
<RNCSafeAreaProvider
  onInsetsChange={[Function]}
  style={
    [
      {
        "flex": 1,
      },
      undefined,
    ]
  }
/>
`;

exports[`ToastWarning component UI and function showToast renders correctly 1`] = `null`;
